#
# There is insufficient memory for the Java Runtime Environment to continue.
# Native memory allocation (mmap) failed to map 264241152 bytes. Error detail: G1 virtual space
# Possible reasons:
#   The system is out of physical RAM or swap space
#   This process is running with CompressedOops enabled, and the Java Heap may be blocking the growth of the native heap
# Possible solutions:
#   Reduce memory load on the system
#   Increase physical memory or swap space
#   Check if swap backing store is full
#   Decrease Java heap size (-Xmx/-Xms)
#   Decrease number of Java threads
#   Decrease Java thread stack sizes (-Xss)
#   Set larger code cache with -XX:ReservedCodeCacheSize=
#   JVM is running with Zero Based Compressed Oops mode in which the Java heap is
#     placed in the first 32GB address space. The Java Heap base address is the
#     maximum limit for the native heap growth. Please use -XX:HeapBaseMinAddress
#     to set the Java Heap base and to place the Java Heap above 32GB virtual address.
# This output file may be truncated or incomplete.
#
#  Out of Memory Error (os_windows.cpp:3926), pid=4272, tid=39604
#
# JRE version:  (21.0.10) (build )
# Java VM: OpenJDK 64-Bit Server VM (21.0.10+-14961533-b1163.108, mixed mode, sharing, tiered, compressed oops, compressed class ptrs, g1 gc, windows-amd64)
# No core dump will be written. Minidumps are not enabled by default on client versions of Windows
#

---------------  S U M M A R Y ------------

Command Line: git4idea.http.GitAskPassApp Username for 'https://github.com': 

Host: 12th Gen Intel(R) Core(TM) i7-1255U, 12 cores, 15G,  Windows 11 , 64 bit Build 26100 (10.0.26100.8246)
Time: Mon Apr 20 15:53:53 2026 Eastern Daylight Time elapsed time: 0.024652 seconds (0d 0h 0m 0s)

---------------  T H R E A D  ---------------

Current thread (0x0000014fd1502720):  JavaThread "Unknown thread" [_thread_in_vm, id=39604, stack(0x0000000733900000,0x0000000733a00000) (1024K)]

Stack: [0x0000000733900000,0x0000000733a00000]
Native frames: (J=compiled Java code, j=interpreted, Vv=VM code, C=native code)
V  [jvm.dll+0x6d78a9]
V  [jvm.dll+0x8665b3]
V  [jvm.dll+0x868bde]
V  [jvm.dll+0x8692c3]
V  [jvm.dll+0x280ee6]
V  [jvm.dll+0x6d4165]
V  [jvm.dll+0x6c77fa]
V  [jvm.dll+0x358f4b]
V  [jvm.dll+0x360bc6]
V  [jvm.dll+0x3b2ea6]
V  [jvm.dll+0x3b3178]
V  [jvm.dll+0x32b65c]
V  [jvm.dll+0x32c34b]
V  [jvm.dll+0x82f449]
V  [jvm.dll+0x3c0078]
V  [jvm.dll+0x8185e8]
V  [jvm.dll+0x45449e]
V  [jvm.dll+0x455c01]
C  [jli.dll+0x52ab]
C  [ucrtbase.dll+0x37b0]
C  [KERNEL32.DLL+0x2e8d7]
C  [ntdll.dll+0x8c3fc]


---------------  P R O C E S S  ---------------

Threads class SMR info:
_java_thread_list=0x00007ffba551b9c8, length=0, elements={
}

Java Threads: ( => current thread )
Total: 0

Other Threads:
  0x0000014fd39c02c0 WorkerThread "GC Thread#0"                     [id=34744, stack(0x0000000733a00000,0x0000000733b00000) (1024K)]
  0x0000014fd39d2c40 ConcurrentGCThread "G1 Main Marker"            [id=14640, stack(0x0000000733b00000,0x0000000733c00000) (1024K)]
  0x0000014fd39d3750 WorkerThread "G1 Conc#0"                       [id=2072, stack(0x0000000733c00000,0x0000000733d00000) (1024K)]

[error occurred during error reporting (printing all threads), id 0xc0000005, EXCEPTION_ACCESS_VIOLATION (0xc0000005) at pc=0x00007ffba4d0e637]
VM state: not at safepoint (not fully initialized)

VM Mutex/Monitor currently owned by a thread:  ([mutex/lock_event])
[0x00007ffba55887d0] Heap_lock - owner thread: 0x0000014fd1502720

Heap address: 0x00000004d8800000, size: 4020 MB, Compressed Oops mode: Zero based, Oop shift amount: 3

CDS archive(s) mapped at: [0x0000000000000000-0x0000000000000000-0x0000000000000000), size 0, SharedBaseAddress: 0x0000000800000000, ArchiveRelocationMode: 1.
Narrow klass base: 0x0000000000000000, Narrow klass shift: 0, Narrow klass range: 0x0

GC Precious Log:
 CardTable entry size: 512
 Card Set container configuration: InlinePtr #cards 4 size 8 Array Of Cards #cards 16 size 48 Howl #buckets 8 coarsen threshold 3686 Howl Bitmap #cards 512 size 80 coarsen threshold 460 Card regions per heap region 1 cards per card region 4096

Heap:
 garbage-first heap   total 0K, used 0K [0x00000004d8800000, 0x00000005d3c00000)
  region size 2048K, 0 young (0K), 0 survivors (0K)
 Metaspace       used 0K, committed 0K, reserved 0K
  class space    used 0K, committed 0K, reserved 0K

Heap Regions: E=young(eden), S=young(survivor), O=old, HS=humongous(starts), HC=humongous(continues), CS=collection set, F=free, TAMS=top-at-mark-start, PB=parsable bottom

Card table byte_map: [0x0000014fe67f0000,0x0000014fe6fd0000] _byte_map_base: 0x0000014fe412c000

Marking Bits: (CMBitMap*) 0x0000014fd39c19e0
 Bits: [0x0000014fe6fd0000, 0x0000014feaea0000)

GC Heap History (0 events):
No events

Dll operation events (1 events):
Event: 0.014 Loaded shared library C:\Program Files\Android\Android Studio\jbr\bin\java.dll

Deoptimization events (0 events):
No events

Classes loaded (0 events):
No events

Classes unloaded (0 events):
No events

Classes redefined (0 events):
No events

Internal exceptions (0 events):
No events

ZGC Phase Switch (0 events):
No events

VM Operations (0 events):
No events

Memory protections (0 events):
No events

Nmethod flushes (0 events):
No events

Events (0 events):
No events


Dynamic libraries:
0x00007ff702050000 - 0x00007ff70205a000 	C:\Program Files\Android\Android Studio\jbr\bin\java.exe
0x00007ffc71780000 - 0x00007ffc719e7000 	C:\WINDOWS\SYSTEM32\ntdll.dll
0x00007ffc70070000 - 0x00007ffc70139000 	C:\WINDOWS\System32\KERNEL32.DLL
0x00007ffc6ed20000 - 0x00007ffc6f114000 	C:\WINDOWS\System32\KERNELBASE.dll
0x00007ffc6f120000 - 0x00007ffc6f26b000 	C:\WINDOWS\System32\ucrtbase.dll
0x00007ffc59d80000 - 0x00007ffc59d98000 	C:\Program Files\Android\Android Studio\jbr\bin\jli.dll
0x00007ffc59db0000 - 0x00007ffc59dcb000 	C:\Program Files\Android\Android Studio\jbr\bin\VCRUNTIME140.dll
0x00007ffc6f650000 - 0x00007ffc6f815000 	C:\WINDOWS\System32\USER32.dll
0x00007ffc6e250000 - 0x00007ffc6e277000 	C:\WINDOWS\System32\win32u.dll
0x00007ffc70770000 - 0x00007ffc7079b000 	C:\WINDOWS\System32\GDI32.dll
0x00007ffc537b0000 - 0x00007ffc53a43000 	C:\WINDOWS\WinSxS\amd64_microsoft.windows.common-controls_6595b64144ccf1df_6.0.26100.8115_none_3e075c82e3354f9c\COMCTL32.dll
0x00007ffc6f270000 - 0x00007ffc6f39b000 	C:\WINDOWS\System32\gdi32full.dll
0x00007ffc6e1a0000 - 0x00007ffc6e243000 	C:\WINDOWS\System32\msvcp_win.dll
0x00007ffc71170000 - 0x00007ffc71219000 	C:\WINDOWS\System32\msvcrt.dll
0x00007ffc6f610000 - 0x00007ffc6f642000 	C:\WINDOWS\System32\IMM32.DLL
0x00007ffc59da0000 - 0x00007ffc59dac000 	C:\Program Files\Android\Android Studio\jbr\bin\vcruntime140_1.dll
0x00007ffc42590000 - 0x00007ffc4261d000 	C:\Program Files\Android\Android Studio\jbr\bin\msvcp140.dll
0x00007ffba49d0000 - 0x00007ffba5666000 	C:\Program Files\Android\Android Studio\jbr\bin\server\jvm.dll
0x00007ffc6fe70000 - 0x00007ffc6ff26000 	C:\WINDOWS\System32\ADVAPI32.dll
0x00007ffc6f560000 - 0x00007ffc6f607000 	C:\WINDOWS\System32\sechost.dll
0x00007ffc6fbd0000 - 0x00007ffc6fce8000 	C:\WINDOWS\System32\RPCRT4.dll
0x00007ffc6f820000 - 0x00007ffc6f8a0000 	C:\WINDOWS\System32\WS2_32.dll
0x00007ffc6deb0000 - 0x00007ffc6df0e000 	C:\WINDOWS\SYSTEM32\POWRPROF.dll
0x00007ffc62120000 - 0x00007ffc62156000 	C:\WINDOWS\SYSTEM32\WINMM.dll
0x00007ffc577c0000 - 0x00007ffc577cb000 	C:\WINDOWS\SYSTEM32\VERSION.dll
0x00007ffc6de90000 - 0x00007ffc6dea4000 	C:\WINDOWS\SYSTEM32\UMPDC.dll
0x00007ffc6cde0000 - 0x00007ffc6cdfb000 	C:\WINDOWS\SYSTEM32\kernel.appcore.dll
0x00007ffc57f00000 - 0x00007ffc57f0a000 	C:\Program Files\Android\Android Studio\jbr\bin\jimage.dll
0x00007ffc6bf60000 - 0x00007ffc6c1a2000 	C:\WINDOWS\SYSTEM32\DBGHELP.DLL
0x00007ffc70240000 - 0x00007ffc705c2000 	C:\WINDOWS\System32\combase.dll
0x00007ffc6ff90000 - 0x00007ffc70068000 	C:\WINDOWS\System32\OLEAUT32.dll
0x00007ffc4ff50000 - 0x00007ffc4ff8b000 	C:\WINDOWS\SYSTEM32\dbgcore.DLL
0x00007ffc6ec70000 - 0x00007ffc6ed15000 	C:\WINDOWS\System32\bcryptPrimitives.dll
0x00007ffc57e20000 - 0x00007ffc57e40000 	C:\Program Files\Android\Android Studio\jbr\bin\java.dll

JVMTI agents: none

dbghelp: loaded successfully - version: 4.0.5 - missing functions: none
symbol engine: initialized successfully - sym options: 0x614 - pdb path: .;C:\Program Files\Android\Android Studio\jbr\bin;C:\WINDOWS\SYSTEM32;C:\WINDOWS\WinSxS\amd64_microsoft.windows.common-controls_6595b64144ccf1df_6.0.26100.8115_none_3e075c82e3354f9c;C:\Program Files\Android\Android Studio\jbr\bin\server

VM Arguments:
java_command: git4idea.http.GitAskPassApp Username for 'https://github.com': 
java_class_path (initial): C:/Program Files/Android/Android Studio/plugins/vcs-git/lib/git4idea-rt.jar;C:/Program Files/Android/Android Studio/lib/externalProcess-rt.jar
Launcher Type: SUN_STANDARD

[Global flags]
     intx CICompilerCount                          = 4                                         {product} {ergonomic}
     uint ConcGCThreads                            = 3                                         {product} {ergonomic}
     uint G1ConcRefinementThreads                  = 10                                        {product} {ergonomic}
   size_t G1HeapRegionSize                         = 2097152                                   {product} {ergonomic}
    uintx GCDrainStackTargetSize                   = 64                                        {product} {ergonomic}
   size_t InitialHeapSize                          = 264241152                                 {product} {ergonomic}
   size_t MarkStackSize                            = 4194304                                   {product} {ergonomic}
   size_t MaxHeapSize                              = 4215275520                                {product} {ergonomic}
   size_t MinHeapDeltaBytes                        = 2097152                                   {product} {ergonomic}
   size_t MinHeapSize                              = 8388608                                   {product} {ergonomic}
    uintx NonNMethodCodeHeapSize                   = 5839372                                {pd product} {ergonomic}
    uintx NonProfiledCodeHeapSize                  = 122909434                              {pd product} {ergonomic}
    uintx ProfiledCodeHeapSize                     = 122909434                              {pd product} {ergonomic}
    uintx ReservedCodeCacheSize                    = 251658240                              {pd product} {ergonomic}
     bool SegmentedCodeCache                       = true                                      {product} {ergonomic}
   size_t SoftMaxHeapSize                          = 4215275520                             {manageable} {ergonomic}
     bool UseCompressedOops                        = true                           {product lp64_product} {ergonomic}
     bool UseG1GC                                  = true                                      {product} {ergonomic}
     bool UseLargePagesIndividualAllocation        = false                                  {pd product} {ergonomic}

Logging:
Log output configuration:
 #0: stdout all=warning uptime,level,tags foldmultilines=false
 #1: stderr all=off uptime,level,tags foldmultilines=false

Release file:
<release file has not been read>
Environment Variables:
PATH=C:/Program Files/Git/mingw64/libexec/git-core;C:/Program Files/Git/mingw64/libexec/git-core;C:\Program Files\Git\mingw64\bin;C:\Program Files\Git\usr\bin;C:\Users\arthu\bin;C:\Program Files\Common Files\Oracle\Java\javapath;C:\WINDOWS\system32;C:\WINDOWS;C:\WINDOWS\System32\Wbem;C:\WINDOWS\System32\WindowsPowerShell\v1.0\;C:\WINDOWS\System32\OpenSSH\;C:\Program Files\nodejs\;C:\ProgramData\chocolatey\bin;C:\Program Files\Git\cmd;C:\Strawberry\c\bin;C:\Strawberry\perl\site\bin;C:\Strawberry\perl\bin;C:\Program Files\dotnet\;C:\Users\arthu\.local\bin;C:\Users\arthu\AppData\Local\Programs\Python\Python312\Scripts\;C:\Users\arthu\AppData\Local\Programs\Python\Python312\;C:\Users\arthu\AppData\Local\Programs\Python\Launcher\;C:\Users\arthu\AppData\Local\Microsoft\WindowsApps;C:\Users\arthu\AppData\Local\Programs\Microsoft VS Code\bin;C:\Users\arthu\AppData\Roaming\npm;C:\Program Files\JetBrains\IntelliJ IDEA Community Edition 2023.3\bin;C:\Users\arthu\AppData\Local\Programs\Python\Python312;C:\dev\flutter\bin;C:\dev\gcc-13.2.0-no-debug\bin;C:\Program Files\OpenSSL-Win64\bin;C:\Users\arthu\AppData\Local\Pub\Cache\bin\;C:\Users\arthu\AppData\Local\Pub\Cache\global_packages\flutterfire_cli\bin;C:\Program Files\apache-maven-3.9.10-bin\apache-maven-3.9.10\bin;C:\Users\arthu\AppData\Local\Programs\cursor\resources\app\bin;C:\Program Files\JetBrains\IntelliJ IDEA 2025.3.2\bin;C:\Users\arthu\AppData\Local\JetBrains\Toolbox\scripts;C:\Users\arthu\AppData\Local\Programs\MiKTeX\miktex\bin\x64\
USERNAME=arthu
DISPLAY=:0.0
LC_ALL=en_US.UTF-8
TERM=xterm-256color
TMPDIR=C:\Users\arthu\AppData\Local\Temp
OS=Windows_NT
PROCESSOR_IDENTIFIER=Intel64 Family 6 Model 154 Stepping 4, GenuineIntel
TMP=C:\Users\arthu\AppData\Local\Temp
TEMP=C:\Users\arthu\AppData\Local\Temp




Periodic native trim disabled

JNI global refs:
JNI global refs: 0, weak refs: 0

JNI global refs memory usage: 0, weak refs: 0

Process memory usage:
Resident Set Size: 13640K (0% of 16463704K total physical memory with 546396K free physical memory)

OOME stack traces (most recent first):
Classloader memory used:

---------------  S Y S T E M  ---------------

OS:
 Windows 11 , 64 bit Build 26100 (10.0.26100.8246)
OS uptime: 2 days 6:01 hours
Hyper-V role detected

CPU: total 12 (initial active 12) (6 cores per cpu, 2 threads per core) family 6 model 154 stepping 4 microcode 0x424, cx8, cmov, fxsr, ht, mmx, 3dnowpref, sse, sse2, sse3, ssse3, sse4.1, sse4.2, popcnt, lzcnt, tsc, tscinvbit, avx, avx2, aes, erms, clmul, bmi1, bmi2, adx, sha, fma, vzeroupper, clflush, clflushopt, clwb, hv, serialize, rdtscp, rdpid, fsrm, f16c, cet_ibt, cet_ss
Processor Information for processor 0
  Max Mhz: 1700, Current Mhz: 1700, Mhz Limit: 1700
Processor Information for processor 1
  Max Mhz: 1700, Current Mhz: 1700, Mhz Limit: 1700
Processor Information for processor 2
  Max Mhz: 1700, Current Mhz: 1700, Mhz Limit: 1700
Processor Information for processor 3
  Max Mhz: 1700, Current Mhz: 1700, Mhz Limit: 1700
Processor Information for processor 4
  Max Mhz: 1700, Current Mhz: 1700, Mhz Limit: 1700
Processor Information for processor 5
  Max Mhz: 1700, Current Mhz: 1700, Mhz Limit: 1700
Processor Information for processor 6
  Max Mhz: 1700, Current Mhz: 1700, Mhz Limit: 1700
Processor Information for processor 7
  Max Mhz: 1700, Current Mhz: 1558, Mhz Limit: 1700
Processor Information for processor 8
  Max Mhz: 1700, Current Mhz: 1700, Mhz Limit: 1700
Processor Information for processor 9
  Max Mhz: 1700, Current Mhz: 1700, Mhz Limit: 1700
Processor Information for processor 10
  Max Mhz: 1700, Current Mhz: 1558, Mhz Limit: 1700
Processor Information for processor 11
  Max Mhz: 1700, Current Mhz: 1558, Mhz Limit: 1700

Memory: 4k page, system-wide physical 16077M (533M free)
TotalPageFile size 45765M (AvailPageFile size 198M)
current process WorkingSet (physical memory assigned to process): 13M, peak: 13M
current process commit charge ("private bytes"): 64M, peak: 316M

vm_info: OpenJDK 64-Bit Server VM (21.0.10+-14961533-b1163.108) for windows-amd64 JRE (21.0.10+-14961533-b1163.108), built on 2026-03-02T19:58:50Z by "builder" with MS VC++ 16.10 / 16.11 (VS2019)

END.
